# Pass "avec-rimmsqol": RIMMSQOL, the button-customisation mod MOD_SETTINGS.md names, and the shared Pickle
# steps that drive it (PickleTools/RimmsqolSteps). Plays feature 19. It answers what no other pass can:
# can RIMMSQOL's own interface list our shortcut, reveal it, does the revealed button open OUR settings page,
# and does hiding it again work? That is the optional shortcut integration in TESTING.md 15, step 2.
#
#   scripts/Run-PickleWsl.ps1 -Mod ArchitectStudio -DepMap wsl-deps.avec-rimmsqol.map `
#       -Filter '19-rimmsqol-shortcut.feature'
#
# It is NOT a loadAfter of the mod and not one of the five optional integrations: it is a mod a player may have
# and this one must not misbehave beside, so it is a pass of its own, named, and never folded into the others.
# Ids read from each mod's own About.xml (see PickleTools/RimmsqolSteps/README.md): RIMMSQOL is Workshop 1084452457
# and its code needs Harmony, which the staging puts first in every pass, so it is not repeated here.
# The steps mod hard-depends on Pickle and RIMMSQOL, so it goes after RIMMSQOL.
MalteSchulze.RIMMSqol            1084452457
nelim.pickletools.rimmsqol      path:PickleTools/RimmsqolSteps/Mod
